{
  "type": "object",
  "properties": {
    "summary": {
      "type": "string",
      "description": "a short headline"
    },
    "score": {
      "type": "integer"
    },
    "signals": {
      "type": [
        "null",
        "array"
      ],
      "items": {
        "type": "object",
        "properties": {
          "label": {
            "type": "string"
          },
          "weight": {
            "type": "integer"
          }
        },
        "required": [
          "label"
        ],
        "additionalProperties": false
      }
    }
  },
  "$schema": "https://json-schema.org/draft/2020-12/schema",
  "required": [
    "summary",
    "score",
    "signals"
  ],
  "additionalProperties": false
}
