{
  "type": "object",
  "properties": {
    "name": {
      "type": "string",
      "description": "the customer name"
    },
    "count": {
      "type": "integer"
    },
    "ratio": {
      "type": "number"
    },
    "enabled": {
      "type": "boolean"
    },
    "note": {
      "type": "string"
    }
  },
  "$schema": "https://json-schema.org/draft/2020-12/schema",
  "required": [
    "name",
    "count",
    "enabled"
  ],
  "additionalProperties": false
}
