{
  "type": "object",
  "properties": {
    "headline": {
      "type": "string",
      "description": "the model-facing summary line"
    },
    "total": {
      "type": "number"
    },
    "lines": {
      "type": [
        "null",
        "array"
      ],
      "items": {
        "type": "object",
        "properties": {
          "label": {
            "type": "string"
          },
          "amount": {
            "type": "number"
          }
        },
        "required": [
          "label",
          "amount"
        ],
        "additionalProperties": false
      }
    },
    "currency": {
      "type": "string"
    }
  },
  "$schema": "https://json-schema.org/draft/2020-12/schema",
  "required": [
    "headline",
    "total",
    "lines"
  ],
  "additionalProperties": false
}
